// Vitest Snapshot v1, https://vitest.dev/guide/snapshot.html

exports[`Footer > renders the component. default 1`] = `
<DocumentFragment>
  <footer
    class="d-flex flex-wrap justify-content-around align-items-center py-2 border-top"
  >
    <p
      class="col-md-4 mb-0 p-2 text-body-secondary"
    >
      © Oriole, 2024
    </p>
    <ul
      class="nav col-md-4 justify-content-end"
    >
      <li
        class="nav-item"
      >
        <button
          class="nav-link p-2 text-body-secondary"
          type="button"
        >
          À propos de nous
        </button>
      </li>
      <li
        class="nav-item"
      >
        <button
          class="nav-link p-2 text-body-secondary"
          type="button"
        >
          Journal des modifications
        </button>
      </li>
    </ul>
  </footer>
</DocumentFragment>
`;
