// Vitest Snapshot v1, https://vitest.dev/guide/snapshot.html

exports[`should match expected snapshot 1`] = `
<div
  className="card"
>
  <ul
    className="list-group list-group-flush"
  >
    <li
      className="list-group-item"
    >
      <button
        className="btn btn-primary me-2 mb-2"
        data-testid="button-demo"
        onClick={[Function]}
        type="button"
      >
        Primary
      </button>
      <button
        className="btn btn-outline-secondary me-2 mb-2"
        data-testid="button-demo"
        onClick={[Function]}
        type="button"
      >
        Secondary
      </button>
      <button
        className="btn btn-success me-2 mb-2"
        data-testid="button-demo"
        onClick={[Function]}
        type="button"
      >
        Success
      </button>
      <button
        className="btn btn-danger me-2 mb-2"
        data-testid="button-demo"
        onClick={[Function]}
        type="button"
      >
        Danger
      </button>
      <button
        className="btn btn-warning me-2 mb-2"
        data-testid="button-demo"
        onClick={[Function]}
        type="button"
      >
        Warning
      </button>
      <button
        className="btn btn-info me-2 mb-2"
        data-testid="button-demo"
        onClick={[Function]}
        type="button"
      >
        Info
      </button>
      <button
        className="btn btn-outline-light me-2 mb-2"
        data-testid="button-demo"
        onClick={[Function]}
        type="button"
      >
        Light
      </button>
      <button
        className="btn btn-dark me-2 mb-2"
        data-testid="button-demo"
        onClick={[Function]}
        type="button"
      >
        Dark
      </button>
      <button
        className="btn btn-link me-2 mb-2"
        data-testid="button-demo"
        onClick={[Function]}
        type="button"
      >
        Link
      </button>
    </li>
    <li
      className="list-group-item bg-light-subtle"
    >
      <code>
        &lt;button className="btn btn-
        primary
        " type="button"&gt;
        Primary
        &lt;/button&gt;
        <br />
        &lt;button className="btn btn-
        outline-secondary
        " type="button"&gt;
        Secondary
        &lt;/button&gt;
        <br />
        &lt;button className="btn btn-
        success
        " type="button"&gt;
        Success
        &lt;/button&gt;
        <br />
        &lt;button className="btn btn-
        danger
        " type="button"&gt;
        Danger
        &lt;/button&gt;
        <br />
        &lt;button className="btn btn-
        warning
        " type="button"&gt;
        Warning
        &lt;/button&gt;
        <br />
        &lt;button className="btn btn-
        info
        " type="button"&gt;
        Info
        &lt;/button&gt;
        <br />
        &lt;button className="btn btn-
        outline-light
        " type="button"&gt;
        Light
        &lt;/button&gt;
        <br />
        &lt;button className="btn btn-
        dark
        " type="button"&gt;
        Dark
        &lt;/button&gt;
        <br />
        &lt;button className="btn btn-
        link
        " type="button"&gt;
        Link
        &lt;/button&gt;
        <br />
      </code>
    </li>
  </ul>
</div>
`;
