// Vitest Snapshot v1, https://vitest.dev/guide/snapshot.html

exports[`App > should match expected snapshot 1`] = `
<DocumentFragment>
  <header>
    <div
      class="px-3 py-2 mb-4 text-bg-dark border-bottom"
    >
      <div
        class="container"
      >
        <div
          class="d-flex flex-wrap align-items-center justify-content-center justify-content-md-start"
        >
          <a
            class="d-flex align-items-center my-2 my-md-0 me-md-auto text-white text-decoration-none"
            href="#/"
          >
            <img
              alt="Oriale"
              src="/oriole/src/assets/logo.webp"
              title="Oriale"
            />
          </a>
          <ul
            class="nav col-12 col-md-auto my-2 justify-content-center my-md-0 text-small"
          >
            <li>
              <a
                class="nav-link text-white"
                href="#/"
                title="Home"
              >
                Paging
              </a>
            </li>
            <li>
              <a
                class="nav-link text-secondary text-white"
                href="#/buttons"
                title="Home"
              >
                Buttons
              </a>
            </li>
            <li>
              <button
                class="nav-link text-secondary text-white"
                title="Light"
                type="button"
              >
                <svg
                  class="bi bi-moon"
                  fill="currentColor"
                  height="24"
                  viewBox="0 0 16 16"
                  width="24"
                  xmlns="http://www.w3.org/2000/svg"
                >
                  <path
                    d="M6 .278a.77.77 0 0 1 .08.858 7.2 7.2 0 0 0-.878 3.46c0 4.021 3.278 7.277 7.318 7.277q.792-.001 1.533-.16a.79.79 0 0 1 .81.316.73.73 0 0 1-.031.893A8.35 8.35 0 0 1 8.344 16C3.734 16 0 12.286 0 7.71 0 4.266 2.114 1.312 5.124.06A.75.75 0 0 1 6 .278M4.858 1.311A7.27 7.27 0 0 0 1.025 7.71c0 4.02 3.279 7.276 7.319 7.276a7.32 7.32 0 0 0 5.205-2.162q-.506.063-1.029.063c-4.61 0-8.343-3.714-8.343-8.29 0-1.167.242-2.278.681-3.286"
                  />
                </svg>
              </button>
            </li>
            <li>
              <button
                class="nav-link text-secondary text-white"
                title="Logout"
                type="button"
              >
                <svg
                  class="bi bi-box-arrow-right"
                  fill="currentColor"
                  height="24"
                  viewBox="0 0 16 16"
                  width="24"
                  xmlns="http://www.w3.org/2000/svg"
                >
                  <path
                    d="M10 12.5a.5.5 0 0 1-.5.5h-8a.5.5 0 0 1-.5-.5v-9a.5.5 0 0 1 .5-.5h8a.5.5 0 0 1 .5.5v2a.5.5 0 0 0 1 0v-2A1.5 1.5 0 0 0 9.5 2h-8A1.5 1.5 0 0 0 0 3.5v9A1.5 1.5 0 0 0 1.5 14h8a1.5 1.5 0 0 0 1.5-1.5v-2a.5.5 0 0 0-1 0z"
                    fill-rule="evenodd"
                  />
                  <path
                    d="M15.854 8.354a.5.5 0 0 0 0-.708l-3-3a.5.5 0 0 0-.708.708L14.293 7.5H5.5a.5.5 0 0 0 0 1h8.793l-2.147 2.146a.5.5 0 0 0 .708.708z"
                    fill-rule="evenodd"
                  />
                </svg>
              </button>
            </li>
          </ul>
        </div>
      </div>
    </div>
  </header>
  <div
    class="container"
  >
    <div
      class="card"
    >
      <ul
        class="list-group list-group-flush"
      >
        <li
          class="list-group-item"
        >
          <table
            class="table"
          >
            <thead>
              <tr>
                <th
                  scope="col"
                >
                  #
                </th>
                <th
                  scope="col"
                >
                  First
                </th>
                <th
                  scope="col"
                >
                  Last
                </th>
                <th
                  scope="col"
                >
                  Handle
                </th>
              </tr>
            </thead>
            <tbody>
              <tr>
                <th
                  scope="row"
                >
                  1
                </th>
                <td>
                  Mark
                </td>
                <td>
                  Otto
                </td>
                <td>
                  @mdo
                </td>
              </tr>
              <tr>
                <th
                  scope="row"
                >
                  2
                </th>
                <td>
                  Jacob
                </td>
                <td>
                  Thornton
                </td>
                <td>
                  @fat
                </td>
              </tr>
              <tr>
                <th
                  scope="row"
                >
                  3
                </th>
                <td
                  colspan="2"
                >
                  Larry the Bird
                </td>
                <td>
                  @twitter
                </td>
              </tr>
            </tbody>
          </table>
          <nav>
            <ul
              class="pagination"
            >
              <li
                class="page-item"
              >
                <button
                  class="page-link"
                  type="button"
                >
                  Previous
                </button>
              </li>
              <li
                class="page-item"
              >
                <button
                  class="page-link"
                  type="button"
                >
                  1
                </button>
              </li>
              <li
                class="page-item"
              >
                <button
                  class="page-link"
                  type="button"
                >
                  2
                </button>
              </li>
              <li
                class="page-item"
              >
                <button
                  class="page-link"
                  type="button"
                >
                  3
                </button>
              </li>
              <li
                class="page-item"
              >
                <button
                  class="page-link"
                  type="button"
                >
                  Next
                </button>
              </li>
            </ul>
          </nav>
        </li>
      </ul>
    </div>
  </div>
</DocumentFragment>
`;
