// Vitest Snapshot v1, https://vitest.dev/guide/snapshot.html

exports[`should match expected snapshot 1`] = `
[
  <header
    className="sticky-top header-minimized"
  >
    <nav
      aria-label="Main navigation"
      className="navbar navbar-dark bg-dark navbar-expand-lg"
    >
      <div
        className="container-fluid"
      >
        <div
          className="navbar-brand me-auto me-lg-4"
        >
          <span
            className="stretched-link"
          >
            <img
              alt="Boosted - Back to Home"
              height="50"
              loading="lazy"
              src="/oriole/src/assets/logo.svg"
              width="50"
            />
          </span>
        </div>
        <button
          aria-controls="bd-navbar1 bd-navbar2"
          aria-expanded="false"
          aria-label="Toggle navigation"
          className="navbar-toggler collapsed"
          data-bs-target=".bd-navbar"
          data-bs-toggle="collapse"
          type="button"
        >
          <span
            className="navbar-toggler-icon"
          />
        </button>
        <div
          className="navbar-collapse collapse me-lg-auto bd-navbar mb-0 border-0"
        >
          <ul
            className="navbar-nav"
          >
            <li
              className="nav-item"
            >
              <span
                className="nav-link"
              >
                Home
              </span>
            </li>
            <li
              className="nav-item"
            >
              <span
                aria-current="true"
                className="nav-link active"
              >
                Docs
              </span>
            </li>
            <li
              className="nav-item"
            >
              <span
                className="nav-link"
              >
                Examples
              </span>
            </li>
            <li
              className="nav-item"
            >
              <span
                className="nav-link"
              >
                Guidelines
              </span>
            </li>
          </ul>
        </div>
      </div>
    </nav>
  </header>,
  <nav
    className="navbar navbar-expand-lg navbar-dark bg-dark mb-5"
  >
    <div
      className="container-fluid"
    >
      <button
        className="navbar-toggler"
        type="button"
      >
        <span
          className="navbar-toggler-icon"
        />
      </button>
      <div
        className="collapse navbar-collapse"
      >
        <ul
          className="navbar-nav"
        >
          <li
            className="nav-item"
          >
            <a
              className="nav-link"
              href="#/"
              onClick={[Function]}
            >
              Paging
            </a>
          </li>
          <li
            className="nav-item"
          >
            <a
              className="nav-link"
              href="#/buttons"
              onClick={[Function]}
            >
              Buttons
            </a>
          </li>
        </ul>
      </div>
    </div>
  </nav>,
  <div
    className="container"
  >
    <div
      className="card"
    >
      <ul
        className="list-group list-group-flush"
      >
        <li
          className="list-group-item"
        >
          <table
            className="table"
          >
            <thead>
              <tr>
                <th
                  scope="col"
                >
                  #
                </th>
                <th
                  scope="col"
                >
                  First
                </th>
                <th
                  scope="col"
                >
                  Last
                </th>
                <th
                  scope="col"
                >
                  Handle
                </th>
              </tr>
            </thead>
            <tbody>
              <tr>
                <th
                  scope="row"
                >
                  1
                </th>
                <td>
                  Mark
                </td>
                <td>
                  Otto
                </td>
                <td>
                  @mdo
                </td>
              </tr>
              <tr>
                <th
                  scope="row"
                >
                  2
                </th>
                <td>
                  Jacob
                </td>
                <td>
                  Thornton
                </td>
                <td>
                  @fat
                </td>
              </tr>
              <tr>
                <th
                  scope="row"
                >
                  3
                </th>
                <td
                  colSpan="2"
                >
                  Larry the Bird
                </td>
                <td>
                  @twitter
                </td>
              </tr>
            </tbody>
          </table>
          <nav>
            <ul
              className="pagination"
            >
              <li
                className="page-item"
              >
                <button
                  className="page-link"
                  type="button"
                >
                  Previous
                </button>
              </li>
              <li
                className="page-item"
              >
                <button
                  className="page-link"
                  type="button"
                >
                  1
                </button>
              </li>
              <li
                className="page-item"
              >
                <button
                  className="page-link"
                  type="button"
                >
                  2
                </button>
              </li>
              <li
                className="page-item"
              >
                <button
                  className="page-link"
                  type="button"
                >
                  3
                </button>
              </li>
              <li
                className="page-item"
              >
                <button
                  className="page-link"
                  type="button"
                >
                  Next
                </button>
              </li>
            </ul>
          </nav>
        </li>
      </ul>
    </div>
  </div>,
]
`;
