// Vitest Snapshot v1, https://vitest.dev/guide/snapshot.html

exports[`Local i18n > should match expected snapshot 1`] = `
<DocumentFragment>
  <p>
    Les changements ont été sauvegardés.
  </p>
  <p>
    La demande a été envoyée avec succès.
  </p>
  <p>
    Une erreur a été détectée. Merci de recommencer.
  </p>
</DocumentFragment>
`;
