// Jest Snapshot v1, https://goo.gl/fbAQLP

exports[`Flash messages should match expected snapshot. default 1`] = `
Array [
  <p>
    Une erreur a été détectée. Merci de recommencer.
  </p>,
  <p>
    Un code d'activation a été envoyé sur votre numéro de téléphone.
  </p>,
  <p>
    La demande a été envoyée avec succès.
  </p>,
  <p>
    Une erreur a été détecté sur votre téléphone.
  </p>,
  <p>
    Une erreur a été détectée sur le code d'activation.
  </p>,
  <p>
    L'envoi de la demande a échoué.
  </p>,
  <p>
    Le code de confirmation a expiré.
  </p>,
  <p>
    Le code de confirmation est invalide.
  </p>,
  <p>
    Nombre de tentatives dépassé
  </p>,
  <p>
    Les changements ont été sauvegardés.
  </p>,
]
`;
